[wpriverthemes.com/landing/gridx-html/index.html]
[backblue.gif]
[fade.gif]
[index.html]
[fonts.googleapis.com/index.html]
[cdn.jsdelivr.net/gh/iconoir-icons/iconoir@main/css/iconoir.css]
[wpriverthemes.com/landing/gridx-html/assets/css/bootstrap.min.css]
[wpriverthemes.com/landing/gridx-html/assets/css/aos.css]
[wpriverthemes.com/landing/gridx-html/assets/css/style.css]
[wpriverthemes.com/landing/gridx-html/assets/images/logo.svg]
[wpriverthemes.com/landing/gridx-html/about.html]
[wpriverthemes.com/landing/gridx-html/works.html]
[wpriverthemes.com/landing/gridx-html/contact.html]
[wpriverthemes.com/landing/gridx-html/assets/images/bg1.png]
[wpriverthemes.com/landing/gridx-html/assets/images/me.png]
[wpriverthemes.com/landing/gridx-html/assets/images/icon.svg]
[wpriverthemes.com/landing/gridx-html/assets/images/star1.svg]
[wpriverthemes.com/landing/gridx-html/credentials.html]
[wpriverthemes.com/landing/gridx-html/assets/images/sign.png]
[wpriverthemes.com/landing/gridx-html/assets/images/my-works.png]
[wpriverthemes.com/landing/gridx-html/blog.html]
[wpriverthemes.com/landing/gridx-html/assets/images/gfonts.png]
[wpriverthemes.com/landing/gridx-html/service.html]
[wpriverthemes.com/landing/gridx-html/assets/images/icon2.png]
[wpriverthemes.com/landing/gridx-html/assets/js/jquery-3.6.4.js]
[wpriverthemes.com/landing/gridx-html/assets/js/bootstrap.bundle.min.js]
[wpriverthemes.com/landing/gridx-html/assets/js/aos.js]
[wpriverthemes.com/landing/gridx-html/assets/js/main.js]
[wpriverthemes.com/landing/gridx-html/index.html]
[fonts.googleapis.com/index.html]
[fonts.gstatic.com/index.html]
[fonts.googleapis.com/css2e7a5.css]
[wpriverthemes.com/landing/gridx-html/assets/images/me2.png]
[wpriverthemes.com/landing/gridx-html/about.html]
[wpriverthemes.com/landing/gridx-html/assets/images/star-2.png]
[wpriverthemes.com/landing/gridx-html/work-details.html]
[wpriverthemes.com/landing/gridx-html/assets/images/project1.jpg]
[wpriverthemes.com/landing/gridx-html/assets/images/project2.jpg]
[wpriverthemes.com/landing/gridx-html/assets/images/project3.jpg]
[wpriverthemes.com/landing/gridx-html/assets/images/project4.jpg]
[wpriverthemes.com/landing/gridx-html/assets/images/project5.jpg]
[wpriverthemes.com/landing/gridx-html/assets/images/project6.jpg]
[wpriverthemes.com/landing/gridx-html/works.html]
[wpriverthemes.com/landing/gridx-html/assets/images/icon3.png]
[wpriverthemes.com/landing/gridx-html/assets/js/ajax-form.js]
[wpriverthemes.com/landing/gridx-html/contact.html]
[wpriverthemes.com/landing/gridx-html/credentials.html]
[wpriverthemes.com/landing/gridx-html/assets/images/blog1.jpg]
[wpriverthemes.com/landing/gridx-html/blog-details.html]
[wpriverthemes.com/landing/gridx-html/blog.html]
[wpriverthemes.com/landing/gridx-html/service.html]
[wpriverthemes.com/landing/gridx-html/assets/images/blog2.jpg]
[wpriverthemes.com/landing/gridx-html/assets/images/project-dt-1.jpg]
[wpriverthemes.com/landing/gridx-html/work-details.html]
[wpriverthemes.com/landing/gridx-html/blog-details.html]
[wpriverthemes.com/landing/gridx-html/assets/images/comment.png]
[cdn.jsdelivr.net/gh/iconoir-icons/iconoir@main/css/iconoir.css]
[wpriverthemes.com/landing/gridx-html/assets/css/bootstrap.min.css]
[wpriverthemes.com/landing/gridx-html/assets/css/aos.css]
[wpriverthemes.com/landing/gridx-html/assets/css/style.css]
[wpriverthemes.com/landing/gridx-html/assets/images/logo.svg]
[wpriverthemes.com/landing/gridx-html/assets/images/icon.svg]
[wpriverthemes.com/landing/gridx-html/assets/images/star1.svg]
[wpriverthemes.com/landing/gridx-html/assets/js/jquery-3.6.4.js]
[wpriverthemes.com/landing/gridx-html/assets/js/bootstrap.bundle.min.js]
[wpriverthemes.com/landing/gridx-html/assets/js/aos.js]
[wpriverthemes.com/landing/gridx-html/assets/js/main.js]
[wpriverthemes.com/landing/gridx-html/work-details.html]
[wpriverthemes.com/landing/gridx-html/assets/js/ajax-form.js]
[wpriverthemes.com/landing/gridx-html/dist/index.html]
[wpriverthemes.com/landing/gridx-html/true/index.html]
[wpriverthemes.com/landing/gridx-html/blog-details.html]
[wpriverthemes.com/landing/gridx-html/true/index.html]
[wpriverthemes.com/landing/gridx-html/dist/index.html]
